
[1m[30m[46m RUN [49m[39m[22m [36mv4.1.4 [39m[90mC:/Users/wesdi/.gemini/antigravity/scratch/collection-tracker[39m

 [31mΓ¥»[39m src/app/core/services/collection.service.spec.ts [2m([22m[2m3 tests[22m[2m | [22m[31m3 failed[39m[2m)[22m[32m 89[2mms[22m[39m
[31m     [31m├ù[31m should be created[39m[32m 64[2mms[22m[39m
[31m     [31m├ù[31m should fetch games list using relative path[39m[32m 6[2mms[22m[39m
[31m     [31m├ù[31m should fetch figures list using relative path[39m[32m 7[2mms[22m[39m
 [31mΓ¥»[39m src/app/features/collection/layout/collection-layout/collection-layout.component.spec.ts [2m([22m[2m1 test[22m[2m | [22m[31m1 failed[39m[2m)[22m[32m 85[2mms[22m[39m
[31m     [31m├ù[31m should create[39m[32m 76[2mms[22m[39m
 [31mΓ¥»[39m src/app/features/collection/filters/collection-filters/collection-filters.component.spec.ts [2m([22m[2m1 test[22m[2m | [22m[31m1 failed[39m[2m)[22m[32m 60[2mms[22m[39m
[31m     [31m├ù[31m should create[39m[32m 54[2mms[22m[39m
 [31mΓ¥»[39m src/app/features/collection/list/collection-list/collection-list.component.spec.ts [2m([22m[2m1 test[22m[2m | [22m[31m1 failed[39m[2m)[22m[32m 77[2mms[22m[39m
[31m     [31m├ù[31m should create[39m[32m 68[2mms[22m[39m
 [31mΓ¥»[39m src/app/app.component.spec.ts [2m([22m[2m2 tests[22m[2m | [22m[31m2 failed[39m[2m)[22m[32m 112[2mms[22m[39m
[31m     [31m├ù[31m should create the app[39m[32m 58[2mms[22m[39m
[31m     [31m├ù[31m should have the 'tracker' title[39m[32m 47[2mms[22m[39m
 [31mΓ¥»[39m src/app/features/collection/detail/item-detail/item-detail.component.spec.ts [2m([22m[2m1 test[22m[2m | [22m[31m1 failed[39m[2m)[22m[33m 666[2mms[22m[39m
[31m     [31m├ù[31m should create[39m[33m 660[2mms[22m[39m
cmd : 
At line:1 char:1
+ cmd /c npx vitest run --run > test_output.log 2>&1
+ ~~~~~~~~~~~~~~~~~~~~~~~~~~~~~~~~~~~~~~~~~~~~~~~~~~
    + CategoryInfo          : NotSpecified: (:String) [], RemoteException
    + FullyQualifiedErrorId : NativeCommandError
 
[31mΓÄ»ΓÄ»ΓÄ»ΓÄ»ΓÄ»ΓÄ»ΓÄ»[39m[1m[41m Failed Tests 9 [49m[22m[31mΓÄ»ΓÄ»ΓÄ»ΓÄ»ΓÄ»ΓÄ»ΓÄ»[39m

[41m[1m FAIL [22m[49m src/app/app.component.spec.ts[2m > [22mAppComponent[2m > [22mshould create the app
[31m[1mError[22m: Need to call TestBed.initTestEnvironment() first[39m
[90m [2mΓ¥»[22m _TestBedImpl.compiler 
../darwin_arm64-fastbuild-ST-fdfa778d11ba/bin/packages/core/testing/src/test_bed.ts:[2m718:13[22m[39m
[90m [2mΓ¥»[22m _TestBedImpl.configureTestingModule 
../darwin_arm64-fastbuild-ST-fdfa778d11ba/bin/packages/core/testing/src/test_bed.ts:[2m584:10[22m[39m
[90m [2mΓ¥»[22m Function.configureTestingModule 
../darwin_arm64-fastbuild-ST-fdfa778d11ba/bin/packages/core/testing/src/test_bed.ts:[2m319:33[22m[39m
[36m [2mΓ¥»[22m src/app/app.component.spec.ts:[2m16:19[22m[39m
    [90m 14|[39m [34mdescribe[39m([32m'AppComponent'[39m[33m,[39m () [33m=>[39m {
    [90m 15|[39m   [34mbeforeEach[39m([35masync[39m () [33m=>[39m {
    [90m 16|[39m     [35mawait[39m [33mTestBed[39m[33m.[39m[34mconfigureTestingModule[39m({
    [90m   |[39m                   [31m^[39m
    [90m 17|[39m       imports[33m:[39m [
    [90m 18|[39m         [33mRouterTestingModule[39m[33m,[39m

[31m[2mΓÄ»ΓÄ»ΓÄ»ΓÄ»ΓÄ»ΓÄ»ΓÄ»ΓÄ»ΓÄ»ΓÄ»ΓÄ»ΓÄ»ΓÄ»ΓÄ»ΓÄ»ΓÄ»ΓÄ»ΓÄ»ΓÄ»ΓÄ»ΓÄ»ΓÄ»ΓÄ»[1/12]ΓÄ»[22m[39m

[41m[1m FAIL [22m[49m src/app/app.component.spec.ts[2m > [22mAppComponent[2m > [22mshould have the 'tracker' 
title
[31m[1mTypeError[22m: Cannot read properties of null (reading 'ngModule')[39m
[90m [2mΓ¥»[22m ngModule 
../darwin_arm64-fastbuild-ST-fdfa778d11ba/bin/packages/core/src/render3/jit/util.ts:[2m18:37[22m[39m
[90m [2mΓ¥»[22m isModuleWithProviders 
../darwin_arm64-fastbuild-ST-fdfa778d11ba/bin/packages/core/src/render3/jit/module.ts:[2m683:6[22m[39m
[90m [2mΓ¥»[22m map 
../darwin_arm64-fastbuild-ST-fdfa778d11ba/bin/packages/core/src/render3/jit/module.ts:[2m154:13[22m[39m
[90m [2mΓ¥»[22m NG_MOD_DEF 
../darwin_arm64-fastbuild-ST-fdfa778d11ba/bin/packages/core/src/render3/def_getters.ts:[2m18:14[22m[39m
[90m [2mΓ¥»[22m getNgModuleDef 
../darwin_arm64-fastbuild-ST-fdfa778d11ba/bin/packages/core/src/render3/def_getters.ts:[2m22:22[22m[39m
[90m [2mΓ¥»[22m getNgModuleDefOrThrow 
../darwin_arm64-fastbuild-ST-fdfa778d11ba/bin/packages/core/src/render3/jit/module.ts:[2m257:18[22m[39m
[90m [2mΓ¥»[22m verifySemanticsOfNgModuleDef 
../darwin_arm64-fastbuild-ST-fdfa778d11ba/bin/packages/core/src/render3/jit/module.ts:[2m200:21[22m[39m
[90m [2mΓ¥»[22m TestBedCompiler.applyProviderOverridesInScope 
../darwin_arm64-fastbuild-ST-fdfa778d11ba/bin/packages/core/testing/src/test_bed_compiler.ts:[2m627:31[22m[39m
[90m [2mΓ¥»[22m TestBedCompiler.compileTestModule 
../darwin_arm64-fastbuild-ST-fdfa778d11ba/bin/packages/core/testing/src/test_bed_compiler.ts:[2m987:10[22m[39m

[31m[2mΓÄ»ΓÄ»ΓÄ»ΓÄ»ΓÄ»ΓÄ»ΓÄ»ΓÄ»ΓÄ»ΓÄ»ΓÄ»ΓÄ»ΓÄ»ΓÄ»ΓÄ»ΓÄ»ΓÄ»ΓÄ»ΓÄ»ΓÄ»ΓÄ»ΓÄ»ΓÄ»[2/12]ΓÄ»[22m[39m

[41m[1m FAIL [22m[49m src/app/core/services/collection.service.spec.ts[2m > [22mCollectionService[2m > 
[22mshould be created
[41m[1m FAIL [22m[49m src/app/core/services/collection.service.spec.ts[2m > [22mCollectionService[2m > 
[22mshould fetch games list using relative path
[41m[1m FAIL [22m[49m src/app/core/services/collection.service.spec.ts[2m > [22mCollectionService[2m > 
[22mshould fetch figures list using relative path
[31m[1mError[22m: Need to call TestBed.initTestEnvironment() first[39m
[90m [2mΓ¥»[22m _TestBedImpl.compiler 
../darwin_arm64-fastbuild-ST-fdfa778d11ba/bin/packages/core/testing/src/test_bed.ts:[2m718:13[22m[39m
[90m [2mΓ¥»[22m _TestBedImpl.configureTestingModule 
../darwin_arm64-fastbuild-ST-fdfa778d11ba/bin/packages/core/testing/src/test_bed.ts:[2m584:10[22m[39m
[90m [2mΓ¥»[22m Function.configureTestingModule 
../darwin_arm64-fastbuild-ST-fdfa778d11ba/bin/packages/core/testing/src/test_bed.ts:[2m319:33[22m[39m
[36m [2mΓ¥»[22m src/app/core/services/collection.service.spec.ts:[2m19:13[22m[39m
    [90m 17|[39m
    [90m 18|[39m   [34mbeforeEach[39m(() [33m=>[39m {
    [90m 19|[39m     [33mTestBed[39m[33m.[39m[34mconfigureTestingModule[39m({
    [90m   |[39m             [31m^[39m
    [90m 20|[39m       providers[33m:[39m [
    [90m 21|[39m         [33mCollectionService[39m[33m,[39m

[31m[2mΓÄ»ΓÄ»ΓÄ»ΓÄ»ΓÄ»ΓÄ»ΓÄ»ΓÄ»ΓÄ»ΓÄ»ΓÄ»ΓÄ»ΓÄ»ΓÄ»ΓÄ»ΓÄ»ΓÄ»ΓÄ»ΓÄ»ΓÄ»ΓÄ»ΓÄ»ΓÄ»[3/12]ΓÄ»[22m[39m

[41m[1m FAIL [22m[49m src/app/core/services/collection.service.spec.ts[2m > [22mCollectionService[2m > 
[22mshould be created
[41m[1m FAIL [22m[49m src/app/core/services/collection.service.spec.ts[2m > [22mCollectionService[2m > 
[22mshould fetch games list using relative path
[41m[1m FAIL [22m[49m src/app/core/services/collection.service.spec.ts[2m > [22mCollectionService[2m > 
[22mshould fetch figures list using relative path
[31m[1mTypeError[22m: Cannot read properties of undefined (reading 'verify')[39m
[36m [2mΓ¥»[22m src/app/core/services/collection.service.spec.ts:[2m31:14[22m[39m
    [90m 29|[39m
    [90m 30|[39m   [34mafterEach[39m(() [33m=>[39m {
    [90m 31|[39m     httpMock[33m.[39m[34mverify[39m()[33m;[39m
    [90m   |[39m              [31m^[39m
    [90m 32|[39m   })[33m;[39m
    [90m 33|[39m

[31m[2mΓÄ»ΓÄ»ΓÄ»ΓÄ»ΓÄ»ΓÄ»ΓÄ»ΓÄ»ΓÄ»ΓÄ»ΓÄ»ΓÄ»ΓÄ»ΓÄ»ΓÄ»ΓÄ»ΓÄ»ΓÄ»ΓÄ»ΓÄ»ΓÄ»ΓÄ»ΓÄ»[4/12]ΓÄ»[22m[39m

[41m[1m FAIL [22m[49m src/app/features/collection/detail/item-detail/item-detail.component.spec.ts[2m > 
[22mItemDetailComponent[2m > [22mshould create
[31m[1mError[22m: No id[39m
[36m [2mΓ¥»[22m src/app/features/collection/detail/item-detail/item-detail.component.ts:[2m221:24[22m[39m
    [90m219|[39m         [35mconst[39m type [33m=[39m params[33m.[39m[35mget[39m([32m'type'[39m) 
[33m||[39m [32m''[39m[33m;[39m
    [90m220|[39m         [35mconst[39m id [33m=[39m params[33m.[39m[35mget[39m([32m'id'[39m)[33m;[39m
    [90m221|[39m         [35mif[39m ([33m![39mid) [35mthrow[39m [35mnew[39m [33mError[39m([32m'No 
id'[39m)[33m;[39m
    [90m   |[39m                        [31m^[39m
    [90m222|[39m
    [90m223|[39m         [35mswitch[39m (type) {
[90m [2mΓ¥»[22m node_modules/rxjs/src/internal/operators/switchMap.ts:[2m108:20[22m[39m
[90m [2mΓ¥»[22m OperatorSubscriber._this._next 
node_modules/rxjs/src/internal/operators/OperatorSubscriber.ts:[2m70:12[22m[39m
[90m [2mΓ¥»[22m OperatorSubscriber.Subscriber.next node_modules/rxjs/src/internal/Subscriber.ts:[2m71:11[22m[39m
[90m [2mΓ¥»[22m node_modules/rxjs/src/internal/operators/map.ts:[2m57:19[22m[39m
[90m [2mΓ¥»[22m OperatorSubscriber._this._next 
node_modules/rxjs/src/internal/operators/OperatorSubscriber.ts:[2m70:12[22m[39m
[90m [2mΓ¥»[22m OperatorSubscriber.Subscriber.next node_modules/rxjs/src/internal/Subscriber.ts:[2m71:11[22m[39m
[90m [2mΓ¥»[22m BehaviorSubject._subscribe node_modules/rxjs/src/internal/BehaviorSubject.ts:[2m21:39[22m[39m
[90m [2mΓ¥»[22m BehaviorSubject.Observable._trySubscribe 
node_modules/rxjs/src/internal/Observable.ts:[2m235:18[22m[39m
[90m [2mΓ¥»[22m BehaviorSubject.Subject._trySubscribe node_modules/rxjs/src/internal/Subject.ts:[2m112:30[22m[39m

[31m[2mΓÄ»ΓÄ»ΓÄ»ΓÄ»ΓÄ»ΓÄ»ΓÄ»ΓÄ»ΓÄ»ΓÄ»ΓÄ»ΓÄ»ΓÄ»ΓÄ»ΓÄ»ΓÄ»ΓÄ»ΓÄ»ΓÄ»ΓÄ»ΓÄ»ΓÄ»ΓÄ»[5/12]ΓÄ»[22m[39m

[41m[1m FAIL [22m[49m 
src/app/features/collection/filters/collection-filters/collection-filters.component.spec.ts[2m > 
[22mCollectionFiltersComponent[2m > [22mshould create
[31m[1mError[22m: Need to call TestBed.initTestEnvironment() first[39m
[90m [2mΓ¥»[22m _TestBedImpl.compiler 
../darwin_arm64-fastbuild-ST-fdfa778d11ba/bin/packages/core/testing/src/test_bed.ts:[2m718:13[22m[39m
[90m [2mΓ¥»[22m _TestBedImpl.configureTestingModule 
../darwin_arm64-fastbuild-ST-fdfa778d11ba/bin/packages/core/testing/src/test_bed.ts:[2m584:10[22m[39m
[90m [2mΓ¥»[22m Function.configureTestingModule 
../darwin_arm64-fastbuild-ST-fdfa778d11ba/bin/packages/core/testing/src/test_bed.ts:[2m319:33[22m[39m
[36m [2mΓ¥»[22m 
src/app/features/collection/filters/collection-filters/collection-filters.component.spec.ts:[2m20:19[22m[39m
    [90m 18|[39m
    [90m 19|[39m   [34mbeforeEach[39m([35masync[39m () [33m=>[39m {
    [90m 20|[39m     [35mawait[39m [33mTestBed[39m[33m.[39m[34mconfigureTestingModule[39m({
    [90m   |[39m                   [31m^[39m
    [90m 21|[39m       imports[33m:[39m [[33mCollectionFiltersComponent[39m][33m,[39m
    [90m 22|[39m       providers[33m:[39m [

[31m[2mΓÄ»ΓÄ»ΓÄ»ΓÄ»ΓÄ»ΓÄ»ΓÄ»ΓÄ»ΓÄ»ΓÄ»ΓÄ»ΓÄ»ΓÄ»ΓÄ»ΓÄ»ΓÄ»ΓÄ»ΓÄ»ΓÄ»ΓÄ»ΓÄ»ΓÄ»ΓÄ»[6/12]ΓÄ»[22m[39m

[41m[1m FAIL [22m[49m src/app/features/collection/layout/collection-layout/collection-layout.component.spec.ts[2m 
> [22mCollectionLayoutComponent[2m > [22mshould create
[31m[1mError[22m: Need to call TestBed.initTestEnvironment() first[39m
[90m [2mΓ¥»[22m _TestBedImpl.compiler 
../darwin_arm64-fastbuild-ST-fdfa778d11ba/bin/packages/core/testing/src/test_bed.ts:[2m718:13[22m[39m
[90m [2mΓ¥»[22m _TestBedImpl.configureTestingModule 
../darwin_arm64-fastbuild-ST-fdfa778d11ba/bin/packages/core/testing/src/test_bed.ts:[2m584:10[22m[39m
[90m [2mΓ¥»[22m Function.configureTestingModule 
../darwin_arm64-fastbuild-ST-fdfa778d11ba/bin/packages/core/testing/src/test_bed.ts:[2m319:33[22m[39m
[36m [2mΓ¥»[22m 
src/app/features/collection/layout/collection-layout/collection-layout.component.spec.ts:[2m20:19[22m[39m
    [90m 18|[39m
    [90m 19|[39m   [34mbeforeEach[39m([35masync[39m () [33m=>[39m {
    [90m 20|[39m     [35mawait[39m [33mTestBed[39m[33m.[39m[34mconfigureTestingModule[39m({
    [90m   |[39m                   [31m^[39m
    [90m 21|[39m       imports[33m:[39m [[33mCollectionLayoutComponent[39m][33m,[39m
    [90m 22|[39m       providers[33m:[39m [

[31m[2mΓÄ»ΓÄ»ΓÄ»ΓÄ»ΓÄ»ΓÄ»ΓÄ»ΓÄ»ΓÄ»ΓÄ»ΓÄ»ΓÄ»ΓÄ»ΓÄ»ΓÄ»ΓÄ»ΓÄ»ΓÄ»ΓÄ»ΓÄ»ΓÄ»ΓÄ»ΓÄ»[7/12]ΓÄ»[22m[39m

[41m[1m FAIL [22m[49m src/app/features/collection/list/collection-list/collection-list.component.spec.ts[2m > 
[22mCollectionListComponent[2m > [22mshould create
[31m[1mError[22m: Need to call TestBed.initTestEnvironment() first[39m
[90m [2mΓ¥»[22m _TestBedImpl.compiler 
../darwin_arm64-fastbuild-ST-fdfa778d11ba/bin/packages/core/testing/src/test_bed.ts:[2m718:13[22m[39m
[90m [2mΓ¥»[22m _TestBedImpl.configureTestingModule 
../darwin_arm64-fastbuild-ST-fdfa778d11ba/bin/packages/core/testing/src/test_bed.ts:[2m584:10[22m[39m
[90m [2mΓ¥»[22m Function.configureTestingModule 
../darwin_arm64-fastbuild-ST-fdfa778d11ba/bin/packages/core/testing/src/test_bed.ts:[2m319:33[22m[39m
[36m [2mΓ¥»[22m 
src/app/features/collection/list/collection-list/collection-list.component.spec.ts:[2m20:19[22m[39m
    [90m 18|[39m
    [90m 19|[39m   [34mbeforeEach[39m([35masync[39m () [33m=>[39m {
    [90m 20|[39m     [35mawait[39m [33mTestBed[39m[33m.[39m[34mconfigureTestingModule[39m({
    [90m   |[39m                   [31m^[39m
    [90m 21|[39m       imports[33m:[39m [[33mCollectionListComponent[39m][33m,[39m
    [90m 22|[39m       providers[33m:[39m [

[31m[2mΓÄ»ΓÄ»ΓÄ»ΓÄ»ΓÄ»ΓÄ»ΓÄ»ΓÄ»ΓÄ»ΓÄ»ΓÄ»ΓÄ»ΓÄ»ΓÄ»ΓÄ»ΓÄ»ΓÄ»ΓÄ»ΓÄ»ΓÄ»ΓÄ»ΓÄ»ΓÄ»[8/12]ΓÄ»[22m[39m


[2m Test Files [22m [1m[31m6 failed[39m[22m[90m (6)[39m
[2m      Tests [22m [1m[31m9 failed[39m[22m[90m (9)[39m
[2m   Start at [22m 12:04:16
[2m   Duration [22m 16.77s[2m (transform 11.27s, setup 177ms, import 30.27s, tests 1.09s, environment 41.99s)[22m

