
> tracker@0.0.0 test
> ng test --watch=false --browsers=ChromeHeadless --browsers=ChromeHeadless --watch=false

cmd : [1m[33mOption 'browsers' has been specified multiple times. The value 'ChromeHeadless' will be used.[39m[22m
At line:1 char:1
+ cmd /c npm test -- --browsers=ChromeHeadless --watch=false > test_out ...
+ ~~~~~~~~~~~~~~~~~~~~~~~~~~~~~~~~~~~~~~~~~~~~~~~~~~~~~~~~~~~~~~~~~~~~~
    + CategoryInfo          : NotSpecified: ([1m[33mOption...used.[39m[22m:String) [], RemoteException
    + FullyQualifiedErrorId : NativeCommandError
 
- Generating browser application bundles (phase: setup)...
ΓêÜ Browser application bundle generation complete.
[32m15 04 2026 10:59:37.562:INFO [karma-server]: [39mKarma v6.4.4 server started at http://localhost:9876/
[32m15 04 2026 10:59:37.566:INFO [launcher]: [39mLaunching browsers ChromeHeadless with concurrency unlimited
[32m15 04 2026 10:59:37.589:INFO [launcher]: [39mStarting browser ChromeHeadless
[32m15 04 2026 10:59:38.942:INFO [Chrome Headless 147.0.0.0 (Windows 10)]: [39mConnected on socket 9TDYYZ6jN-RXCHs8AAAB with id 7098292
Chrome Headless 147.0.0.0 (Windows 10): Executed 0 of 10[32m SUCCESS[39m (0 secs / 0 secs)
[1A[2K[31mChrome Headless 147.0.0.0 (Windows 10) AppComponent should render title FAILED[39m
	Expected undefined to contain 'Hello, tracker'.
	    at <Jasmine>
	    at UserContext.apply (src/app/app.component.spec.ts:27:55)
	    at _ZoneDelegate.invoke (node_modules/zone.js/fesm2015/zone.js:398:28)
	    at ProxyZoneSpec.onInvoke (node_modules/zone.js/fesm2015/zone-testing.js:2132:39)
	    at _ZoneDelegate.invoke (node_modules/zone.js/fesm2015/zone.js:397:34)
Chrome Headless 147.0.0.0 (Windows 10): Executed 1 of 10[31m (1 FAILED)[39m (0 secs / 0.083 secs)
[1A[2KChrome Headless 147.0.0.0 (Windows 10): Executed 2 of 10[31m (1 FAILED)[39m (0 secs / 0.091 secs)
[1A[2KChrome Headless 147.0.0.0 (Windows 10): Executed 3 of 10[31m (1 FAILED)[39m (0 secs / 0.096 secs)
[1A[2K[31mChrome Headless 147.0.0.0 (Windows 10) ItemDetailComponent should create FAILED[39m
	NullInjectorError: R3InjectorError(Standalone[ItemDetailComponent])[ActivatedRoute -> ActivatedRoute -> ActivatedRoute]: 
	  NullInjectorError: No provider for ActivatedRoute!
	error properties: Object({ ngTempTokenPath: null, ngTokenPath: [ 'ActivatedRoute', 'ActivatedRoute', 'ActivatedRoute' ] })
	    at NullInjector.get (node_modules/@angular/core/fesm2022/core.mjs:1630:27)
	    at R3Injector.get (node_modules/@angular/core/fesm2022/core.mjs:2159:33)
	    at R3Injector.get (node_modules/@angular/core/fesm2022/core.mjs:2159:33)
	    at R3Injector.get (node_modules/@angular/core/fesm2022/core.mjs:2159:33)
	    at ChainedInjector.get (node_modules/@angular/core/fesm2022/core.mjs:17413:36)
	    at lookupTokenUsingModuleInjector (node_modules/@angular/core/fesm2022/core.mjs:5081:39)
	    at getOrCreateInjectable (node_modules/@angular/core/fesm2022/core.mjs:5129:12)
	    at ╔╡╔╡directiveInject (node_modules/@angular/core/fesm2022/core.mjs:17464:19)
	    at ╔╡╔╡inject (node_modules/@angular/core/fesm2022/core.mjs:1131:60)
	    at inject (node_modules/@angular/core/fesm2022/core.mjs:1217:12)
Chrome Headless 147.0.0.0 (Windows 10): Executed 4 of 10[31m (2 FAILED)[39m (0 secs / 0.2 secs)
[1A[2KChrome Headless 147.0.0.0 (Windows 10): Executed 5 of 10[31m (2 FAILED)[39m (0 secs / 0.205 secs)
[1A[2K[31mChrome Headless 147.0.0.0 (Windows 10) CollectionService should fetch figures list FAILED[39m
	Error: Expected one matching request for criteria "Match URL: http://localhost:3000/api/figures", found none. Requests received are: GET /api/figures.
	    at HttpClientTestingBackend.expectOne (node_modules/@angular/common/fesm2022/http/testing.mjs:277:19)
	    at UserContext.apply (src/app/core/services/collection.service.spec.ts:53:26)
	    at _ZoneDelegate.invoke (node_modules/zone.js/fesm2015/zone.js:398:28)
	    at ProxyZoneSpec.onInvoke (node_modules/zone.js/fesm2015/zone-testing.js:2132:39)
	    at _ZoneDelegate.invoke (node_modules/zone.js/fesm2015/zone.js:397:34)
	    at ZoneImpl.run (node_modules/zone.js/fesm2015/zone.js:113:43)
	    at runInTestZone (node_modules/zone.js/fesm2015/zone-testing.js:216:38)
	    at UserContext.<anonymous> (node_modules/zone.js/fesm2015/zone-testing.js:234:32)
	    at <Jasmine>
	Error: Expected no open requests, found 1: GET /api/figures
	    at HttpClientTestingBackend.verify (node_modules/@angular/common/fesm2022/http/testing.mjs:305:19)
	    at UserContext.apply (src/app/core/services/collection.service.spec.ts:25:14)
	    at _ZoneDelegate.invoke (node_modules/zone.js/fesm2015/zone.js:398:28)
	    at ProxyZoneSpec.onInvoke (node_modules/zone.js/fesm2015/zone-testing.js:2132:39)
	    at _ZoneDelegate.invoke (node_modules/zone.js/fesm2015/zone.js:397:34)
	    at ZoneImpl.run (node_modules/zone.js/fesm2015/zone.js:113:43)
	    at runInTestZone (node_modules/zone.js/fesm2015/zone-testing.js:216:38)
	    at UserContext.<anonymous> (node_modules/zone.js/fesm2015/zone-testing.js:234:32)
	    at <Jasmine>
Chrome Headless 147.0.0.0 (Windows 10): Executed 6 of 10[31m (3 FAILED)[39m (0 secs / 0.213 secs)
[1A[2K[31mChrome Headless 147.0.0.0 (Windows 10) CollectionService should fetch games list FAILED[39m
	Error: Expected one matching request for criteria "Match URL: http://localhost:3000/api/games", found none. Requests received are: GET /api/games.
	    at HttpClientTestingBackend.expectOne (node_modules/@angular/common/fesm2022/http/testing.mjs:277:19)
	    at UserContext.apply (src/app/core/services/collection.service.spec.ts:40:26)
	    at _ZoneDelegate.invoke (node_modules/zone.js/fesm2015/zone.js:398:28)
	    at ProxyZoneSpec.onInvoke (node_modules/zone.js/fesm2015/zone-testing.js:2132:39)
	    at _ZoneDelegate.invoke (node_modules/zone.js/fesm2015/zone.js:397:34)
	    at ZoneImpl.run (node_modules/zone.js/fesm2015/zone.js:113:43)
	    at runInTestZone (node_modules/zone.js/fesm2015/zone-testing.js:216:38)
	    at UserContext.<anonymous> (node_modules/zone.js/fesm2015/zone-testing.js:234:32)
	    at <Jasmine>
	Error: Expected no open requests, found 1: GET /api/games
	    at HttpClientTestingBackend.verify (node_modules/@angular/common/fesm2022/http/testing.mjs:305:19)
	    at UserContext.apply (src/app/core/services/collection.service.spec.ts:25:14)
	    at _ZoneDelegate.invoke (node_modules/zone.js/fesm2015/zone.js:398:28)
	    at ProxyZoneSpec.onInvoke (node_modules/zone.js/fesm2015/zone-testing.js:2132:39)
	    at _ZoneDelegate.invoke (node_modules/zone.js/fesm2015/zone.js:397:34)
	    at ZoneImpl.run (node_modules/zone.js/fesm2015/zone.js:113:43)
	    at runInTestZone (node_modules/zone.js/fesm2015/zone-testing.js:216:38)
	    at UserContext.<anonymous> (node_modules/zone.js/fesm2015/zone-testing.js:234:32)
	    at <Jasmine>
Chrome Headless 147.0.0.0 (Windows 10): Executed 7 of 10[31m (4 FAILED)[39m (0 secs / 0.218 secs)
[1A[2K[31mChrome Headless 147.0.0.0 (Windows 10) CollectionLayoutComponent should create FAILED[39m
	NullInjectorError: R3InjectorError(Standalone[CollectionLayoutComponent])[ActivatedRoute -> ActivatedRoute -> ActivatedRoute]: 
	  NullInjectorError: No provider for ActivatedRoute!
	error properties: Object({ ngTempTokenPath: null, ngTokenPath: [ 'ActivatedRoute', 'ActivatedRoute', 'ActivatedRoute' ] })
	    at NullInjector.get (node_modules/@angular/core/fesm2022/core.mjs:1630:27)
	    at R3Injector.get (node_modules/@angular/core/fesm2022/core.mjs:2159:33)
	    at R3Injector.get (node_modules/@angular/core/fesm2022/core.mjs:2159:33)
	    at R3Injector.get (node_modules/@angular/core/fesm2022/core.mjs:2159:33)
	    at ChainedInjector.get (node_modules/@angular/core/fesm2022/core.mjs:17413:36)
	    at lookupTokenUsingModuleInjector (node_modules/@angular/core/fesm2022/core.mjs:5081:39)
	    at getOrCreateInjectable (node_modules/@angular/core/fesm2022/core.mjs:5129:12)
	    at Module.╔╡╔╡directiveInject (node_modules/@angular/core/fesm2022/core.mjs:17464:19)
	    at NodeInjectorFactory.factory (node_modules/@angular/router/fesm2022/router_module-DTJgGWLd.mjs:357:97)
	    at getNodeInjectable (node_modules/@angular/core/fesm2022/core.mjs:5341:44)
Chrome Headless 147.0.0.0 (Windows 10): Executed 8 of 10[31m (5 FAILED)[39m (0 secs / 0.238 secs)
[1A[2KChrome Headless 147.0.0.0 (Windows 10): Executed 9 of 10[31m (5 FAILED)[39m (0 secs / 0.301 secs)
[1A[2K[31mChrome Headless 147.0.0.0 (Windows 10) CollectionListComponent should create FAILED[39m
	NullInjectorError: R3InjectorError(Standalone[CollectionListComponent])[CollectionService -> CollectionService -> HttpClient -> HttpClient]: 
	  NullInjectorError: No provider for HttpClient!
	error properties: Object({ ngTempTokenPath: null, ngTokenPath: [ 'CollectionService', 'CollectionService', 'HttpClient', 'HttpClient' ] })
	    at NullInjector.get (node_modules/@angular/core/fesm2022/core.mjs:1630:27)
	    at R3Injector.get (node_modules/@angular/core/fesm2022/core.mjs:2159:33)
	    at R3Injector.get (node_modules/@angular/core/fesm2022/core.mjs:2159:33)
	    at injectInjectorOnly (node_modules/@angular/core/fesm2022/core.mjs:1125:32)
	    at ╔╡╔╡inject (node_modules/@angular/core/fesm2022/core.mjs:1131:60)
	    at inject (node_modules/@angular/core/fesm2022/core.mjs:1217:12)
	    at CollectionService.<instance_members_initializer> (src/app/core/services/collection.service.ts:62:24)
	    at new CollectionService (src/app/core/services/collection.service.ts:60:8)
	    at Object.factory (ng:///CollectionService/╔╡fac.js:4:10)
	    at node_modules/@angular/core/fesm2022/core.mjs:2282:47
Chrome Headless 147.0.0.0 (Windows 10): Executed 10 of 10[31m (6 FAILED)[39m (0 secs / 0.326 secs)
[1A[2KChrome Headless 147.0.0.0 (Windows 10): Executed 10 of 10[31m (6 FAILED)[39m (0.374 secs / 0.326 secs)
[31mTOTAL: 6 FAILED, 4 SUCCESS[39m
ΓêÜ Browser application bundle generation complete.
ΓêÜ Browser application bundle generation complete.
